Height==> 4
Width==> 15
***************
* h: 4, w: 15 *
* area: 60    *
***************
