FOUND CONSTELLATION Ursa_Major
assigning  STAR_00001  ξ_UMa_A
assigning  STAR_00002  υ_UMa
assigning  STAR_00003  χ_UMa
assigning  STAR_00004  ψ_UMa
assigning  STAR_00006  α_UMa
assigning  STAR_00007  β_UMa
assigning  STAR_00009  γ_UMa
assigning  STAR_00011  δ_UMa
assigning  STAR_00013  ε_UMa
assigning  STAR_00016  η_UMa
assigning  STAR_00017  θ_UMa
assigning  STAR_00019  ι_UMa
assigning  STAR_00021  κ_UMa
assigning  STAR_00023  λ_UMa
assigning  STAR_00025  μ_UMa
assigning  STAR_00026  ν_UMa
assigning  STAR_00027  ο_UMa
assigning  STAR_00030  Mizar
assigning  STAR_00032  23_UMa
