Please enter a country ==> Germany
All games:
                 Germany   4-0   Portugal                Winner: Germany
                 Germany   2-2   Ghana                   Winner: Draw
                     USA   0-1   Germany                 Winner: Germany
                 Germany   2-1   Algeria                 Winner: Germany
                  France   0-1   Germany                 Winner: Germany
                  Brazil   1-7   Germany                 Winner: Germany
                 Germany   1-0   Argentina               Winner: Germany
Scores:
Games Wins  Lose  Draw  GF    GA
7     6     0     1     18    4     
The highest achievement in 2014 World cup was finals
This country placed in the first place
